---
source: src/read/point.rs
expression: point2
---
ParsedPoint {
    lon: 0.151,
    lat: 0.232,
    name: None,
    frequency: None,
    frequency_name: None,
    optional_data: [],
}
