---
source: src/read/point.rs
expression: point2
---
ParsedPoint {
    lon: 0.02,
    lat: 0.02,
    name: Some(
        "Second",
    ),
    frequency: None,
    frequency_name: None,
    optional_data: [],
}
