---
source: src/read/point.rs
expression: point3
---
ParsedPoint {
    lon: 0.03,
    lat: 0.03,
    name: None,
    frequency: None,
    frequency_name: None,
    optional_data: [],
}
