---
source: tests/reader_test.rs
expression: last_airspace
---
Airspace {
    bounding_box: BoundingBox {
        left: 0.013671746,
        top: 0.87266463,
        right: 0.06952207,
        bottom: 0.83775806,
    },
    style: Unknown,
    class: ClassD,
    extended_type: None,
    min_alt: 3505,
    max_alt: 5944,
    min_alt_style: FlightLevel,
    max_alt_style: FlightLevel,
    time_out: 0,
    start_date: None,
    end_date: None,
    extra_data: 0,
    days_active: DaysActive {
        bits: 0,
    },
    points: [
        Point { lat: 0.8726647, lon: 0.01745355 },
        Point { lat: 0.8464845, lon: 0.01745355 },
        Point { lat: 0.8417673, lon: 0.013671746 },
        Point { lat: 0.8417673, lon: 0.023799524 },
        Point { lat: 0.8403761, lon: 0.02844422 },
        Point { lat: 0.8403761, lon: 0.03577932 },
        Point { lat: 0.83775806, lon: 0.043633223 },
        Point { lat: 0.83775806, lon: 0.06952207 },
        Point { lat: 0.8443853, lon: 0.06635653 },
        Point { lat: 0.8476627, lon: 0.06477084 },
        Point { lat: 0.85579306, lon: 0.060795687 },
        Point { lat: 0.86073816, lon: 0.058870696 },
        Point { lat: 0.8624932, lon: 0.05820648 },
        Point { lat: 0.8668471, lon: 0.056485493 },
        Point { lat: 0.87052184, lon: 0.055161864 },
        Point { lat: 0.8726647, lon: 0.054395914 },
        Point { lat: 0.8726647, lon: 0.017453548 },
    ],
    name: Some(
        "Paris1",
    ),
    frequency_name: None,
    icao_code: None,
    exception_rules: None,
    notam_remarks: None,
    notam_id: None,
    frequency: None,
    secondary_frequency: None,
    notam_insert_time: None,
}
